// Jest Snapshot v1, https://goo.gl/fbAQLP

exports[`Message component Message matches snapshot 1`] = `
<div>
  <b>
    test
    : 
  </b>
  test
</div>
`;
